// 同步 ID: d5fc5782 @ Sun Jul 19 14:38:03 UTC 2026
// 同步 ID: f4aadf0a @ Sun Jul 19 16:44:55 UTC 2026
// 同步 ID: 29b7317b @ Mon Jul 20 01:55:26 UTC 2026
// 重构日志: ee964061
// 重构日志: 6467c28c
// 重构日志: 5a1c6068
// 重构日志: 4b628e47
// 重构日志: 1380ddca
// 重构日志: b777f1d8
// 重构日志: fd37a1f1
// 重构日志: b8b7e288
// 同步 ID: 4288809f @ Thu Jul 23 11:08:58 UTC 2026
// 重构日志: e96301ed
// 重构日志: aa528b19
// 重构日志: 0b4769ec
// 同步 ID: bcf4d2dc @ Sat Jul 25 16:52:14 UTC 2026
// 同步 ID: 1188d305 @ Sun Jul 26 01:49:38 UTC 2026
// 重构日志: b8429f2b
// 同步 ID: 5d67116d @ Sun Jul 26 10:26:15 UTC 2026
// 重构日志: 85389e67
// 同步 ID: 15b6988f @ Sun Jul 26 14:44:52 UTC 2026
// 重构日志: 58573543
// 重构日志: 75199e0d
// 同步 ID: 889d2f3c @ Tue Jul 28 13:00:31 UTC 2026
// 同步 ID: aac3f0af @ Wed Jul 29 05:32:17 UTC 2026
// 重构日志: 917db52b
// 重构日志: abba4902
// 同步 ID: 9d08ae4a @ Thu Jul 30 10:21:52 UTC 2026
// 重构日志: 28bda8b3
// 同步 ID: 29f7bcb3 @ Thu Jul 30 18:00:20 UTC 2026
